178.208.160.110 - - [11/Jul/2023:10:24:56 +0200] "HEAD / HTTP/1.1" 301 - "-" "Mozilla/5.0 (Windows NT 10.0; Win64; x64) AppleWebKit/537.36 (KHTML, like Gecko) Chrome/74.0.3729.169 Safari/537.36"
178.208.160.110 - - [11/Jul/2023:10:24:57 +0200] "HEAD /wp HTTP/1.1" 301 - "-" "Mozilla/5.0 (Windows NT 10.0; Win64; x64) AppleWebKit/537.36 (KHTML, like Gecko) Chrome/74.0.3729.169 Safari/537.36"
178.208.160.110 - - [11/Jul/2023:10:24:57 +0200] "HEAD /bc HTTP/1.1" 301 - "-" "Mozilla/5.0 (Windows NT 10.0; Win64; x64) AppleWebKit/537.36 (KHTML, like Gecko) Chrome/74.0.3729.169 Safari/537.36"
178.208.160.110 - - [11/Jul/2023:10:24:57 +0200] "HEAD /bk HTTP/1.1" 301 - "-" "Mozilla/5.0 (Windows NT 10.0; Win64; x64) AppleWebKit/537.36 (KHTML, like Gecko) Chrome/74.0.3729.169 Safari/537.36"
178.208.160.110 - - [11/Jul/2023:10:24:58 +0200] "HEAD /backup HTTP/1.1" 301 - "-" "Mozilla/5.0 (Windows NT 10.0; Win64; x64) AppleWebKit/537.36 (KHTML, like Gecko) Chrome/74.0.3729.169 Safari/537.36"
178.208.160.110 - - [11/Jul/2023:10:24:58 +0200] "HEAD /old HTTP/1.1" 301 - "-" "Mozilla/5.0 (Windows NT 10.0; Win64; x64) AppleWebKit/537.36 (KHTML, like Gecko) Chrome/74.0.3729.169 Safari/537.36"
178.208.160.110 - - [11/Jul/2023:10:24:59 +0200] "HEAD /new HTTP/1.1" 301 - "-" "Mozilla/5.0 (Windows NT 10.0; Win64; x64) AppleWebKit/537.36 (KHTML, like Gecko) Chrome/74.0.3729.169 Safari/537.36"
178.208.160.110 - - [11/Jul/2023:10:24:59 +0200] "HEAD /main HTTP/1.1" 301 - "-" "Mozilla/5.0 (Windows NT 10.0; Win64; x64) AppleWebKit/537.36 (KHTML, like Gecko) Chrome/74.0.3729.169 Safari/537.36"
178.208.160.110 - - [11/Jul/2023:10:25:00 +0200] "HEAD /home HTTP/1.1" 301 - "-" "Mozilla/5.0 (Windows NT 10.0; Win64; x64) AppleWebKit/537.36 (KHTML, like Gecko) Chrome/74.0.3729.169 Safari/537.36"
90.30.174.138 - - [11/Jul/2023:10:30:50 +0200] "GET / HTTP/1.1" 301 229 "-" "Mozilla/5.0 (X11; Ubuntu; Linux i686; rv:24.0) Gecko/20100101 Firefox/24.0"
109.17.193.174 - - [11/Jul/2023:10:48:46 +0200] "GET / HTTP/1.1" 301 233 "-" "Mozilla/5.0 (Windows NT 10.0; Win64; x64) AppleWebKit/537.36 (KHTML, like Gecko) Chrome/114.0.0.0 Safari/537.36"
92.55.19.101 - - [11/Jul/2023:10:54:13 +0200] "GET / HTTP/1.0" 301 229 "http://cleanolia.fr/" "Mozilla/5.0 (Windows NT 10.0; Win64; x64) AppleWebKit/537.36 (KHTML, like Gecko) Chrome/103.0.0.0 Safari/537.36 OpenWave/97.4.2043.44"
185.92.210.195 - - [11/Jul/2023:11:00:16 +0200] "GET / HTTP/1.0" 301 229 "http://cleanolia.fr/" "Mozilla/5.0 (Windows NT 6.1; Win64; x64) AppleWebKit/537.36 (KHTML, like Gecko) Chrome/103.0.0.0 Safari/537.36"
216.244.66.202 - - [11/Jul/2023:11:19:48 +0200] "GET /robots.txt HTTP/1.1" 301 243 "-" "Mozilla/5.0 (compatible; DotBot/1.2; +https://opensiteexplorer.org/dotbot; help@moz.com)"
216.251.130.74 - - [11/Jul/2023:11:53:47 +0200] "GET / HTTP/1.1" 301 229 "-" "Mozilla/5.0 (X11; Linux x86_64) AppleWebKit/537.36 (KHTML, like Gecko) HeadlessChrome/110.0.5481.100 Safari/537.36"
216.244.66.202 - - [11/Jul/2023:12:14:50 +0200] "GET /robots.txt HTTP/1.1" 301 243 "-" "Mozilla/5.0 (compatible; DotBot/1.2; +https://opensiteexplorer.org/dotbot; help@moz.com)"
37.170.226.222 - - [11/Jul/2023:12:32:47 +0200] "GET / HTTP/1.1" 301 229 "-" "Mozilla/5.0 (Linux; Android 13; SM-A136B) AppleWebKit/537.36 (KHTML, like Gecko) Chrome/110.0.0.0 Mobile Safari/537.36 EdgA/110.0.1587.54"
49.37.99.222 - - [11/Jul/2023:12:44:26 +0200] "GET /wp-login.php HTTP/1.1" 301 245 "-" "Mozilla/5.0 (Windows NT 10.0; WOW64; Trident/7.0; rv:11.0) like Gecko"
49.37.99.222 - - [11/Jul/2023:12:44:26 +0200] "GET /xmlrpc.php HTTP/1.1" 301 243 "-" "Mozilla/5.0 (Windows NT 10.0; WOW64; Trident/7.0; rv:11.0) like Gecko"
102.159.148.32 - - [11/Jul/2023:12:44:29 +0200] "GET /client/m/KstIMK HTTP/1.1" 301 248 "-" "Mozilla/5.0 (Windows NT 10.0; Win64; x64) AppleWebKit/537.36 (KHTML, like Gecko) Chrome/114.0.0.0 Safari/537.36"
66.249.64.174 - - [11/Jul/2023:12:44:45 +0200] "GET /robots.txt HTTP/1.1" 301 243 "-" "Mozilla/5.0 (compatible; Googlebot/2.1; +http://www.google.com/bot.html)"
66.249.64.173 - - [11/Jul/2023:12:44:46 +0200] "HEAD /client/m/KstIMK HTTP/1.1" 301 - "-" "Mozilla/5.0 (compatible; Googlebot/2.1; +http://www.google.com/bot.html)"
102.159.148.32 - - [11/Jul/2023:12:45:48 +0200] "GET /client/m/NAnwBg HTTP/1.1" 301 248 "-" "Mozilla/5.0 (Windows NT 10.0; Win64; x64) AppleWebKit/537.36 (KHTML, like Gecko) Chrome/114.0.0.0 Safari/537.36"
65.154.226.166 - - [11/Jul/2023:12:45:50 +0200] "GET /client/m/kstimk HTTP/1.1" 301 244 "-" "Mozilla/5.0 (Windows NT 10.0) AppleWebKit/537.36 (KHTML, like Gecko) Chrome/106.0.0.0 Safari/537.36"
65.154.226.170 - - [11/Jul/2023:12:46:00 +0200] "GET /client/m/nanwbg HTTP/1.1" 301 244 "-" "Mozilla/5.0 (Windows NT 10.0) AppleWebKit/537.36 (KHTML, like Gecko) Chrome/106.0.0.0 Safari/537.36"
102.159.148.32 - - [11/Jul/2023:12:46:44 +0200] "GET /client/m/loEwwt HTTP/1.1" 301 248 "-" "Mozilla/5.0 (Windows NT 10.0; Win64; x64) AppleWebKit/537.36 (KHTML, like Gecko) Chrome/114.0.0.0 Safari/537.36"
105.104.229.181 - - [11/Jul/2023:12:47:47 +0200] "GET /wp-login.php HTTP/1.1" 301 245 "-" "Mozilla/5.0 (Windows NT 10.0; WOW64; Trident/7.0; rv:11.0) like Gecko"
105.104.229.181 - - [11/Jul/2023:12:47:47 +0200] "GET /xmlrpc.php HTTP/1.1" 301 243 "-" "Mozilla/5.0 (Windows NT 10.0; WOW64; Trident/7.0; rv:11.0) like Gecko"
92.88.171.204 - - [11/Jul/2023:12:48:05 +0200] "GET /client/m/KstIMK HTTP/1.1" 301 248 "-" "Mozilla/5.0 (Linux; Android 10; K) AppleWebKit/537.36 (KHTML, like Gecko) Chrome/114.0.0.0 Mobile Safari/537.36"
102.159.148.32 - - [11/Jul/2023:12:48:19 +0200] "GET /client/m/uOreen HTTP/1.1" 301 248 "-" "Mozilla/5.0 (Windows NT 10.0; Win64; x64) AppleWebKit/537.36 (KHTML, like Gecko) Chrome/114.0.0.0 Safari/537.36"
65.154.226.168 - - [11/Jul/2023:12:48:25 +0200] "GET /client/m/uoreen HTTP/1.1" 301 244 "-" "Mozilla/5.0 (Windows NT 10.0) AppleWebKit/537.36 (KHTML, like Gecko) Chrome/106.0.0.0 Safari/537.36"
65.154.226.169 - - [11/Jul/2023:12:49:54 +0200] "GET /client/m/loewwt HTTP/1.1" 301 244 "-" "Mozilla/5.0 (Windows NT 10.0) AppleWebKit/537.36 (KHTML, like Gecko) Chrome/106.0.0.0 Safari/537.36"
102.159.148.32 - - [11/Jul/2023:12:51:36 +0200] "GET /client/m/vwDNQz HTTP/1.1" 301 248 "-" "Mozilla/5.0 (Windows NT 10.0; Win64; x64) AppleWebKit/537.36 (KHTML, like Gecko) Chrome/114.0.0.0 Safari/537.36"
65.154.226.166 - - [11/Jul/2023:12:52:52 +0200] "GET /client/m/vwdnqz HTTP/1.1" 301 244 "-" "Mozilla/5.0 (Windows NT 10.0) AppleWebKit/537.36 (KHTML, like Gecko) Chrome/106.0.0.0 Safari/537.36"
65.154.226.171 - - [11/Jul/2023:12:53:53 +0200] "GET /client/m/thzt6f HTTP/1.1" 301 244 "-" "Mozilla/5.0 (Windows NT 10.0) AppleWebKit/537.36 (KHTML, like Gecko) Chrome/106.0.0.0 Safari/537.36"
102.159.148.32 - - [11/Jul/2023:12:53:58 +0200] "GET /client/m/THZt6f HTTP/1.1" 301 248 "-" "Mozilla/5.0 (Windows NT 10.0; Win64; x64) AppleWebKit/537.36 (KHTML, like Gecko) Chrome/114.0.0.0 Safari/537.36"
216.244.66.202 - - [11/Jul/2023:13:09:08 +0200] "GET /robots.txt HTTP/1.1" 301 243 "-" "Mozilla/5.0 (compatible; DotBot/1.2; +https://opensiteexplorer.org/dotbot; help@moz.com)"
89.22.234.3 - - [11/Jul/2023:13:23:58 +0200] "GET / HTTP/1.0" 301 229 "http://cleanolia.fr/" "Mozilla/5.0 (Windows NT 10.0; Win64; x64) AppleWebKit/537.36 (KHTML, like Gecko) Chrome/103.0.0.0 Safari/537.36 OpenWave/97.4.2043.44"
40.76.163.7 - - [11/Jul/2023:13:24:04 +0200] "GET /robots.txt HTTP/1.1" 301 243 "-" "DuckDuckBot-Https/1.1; (+https://duckduckgo.com/duckduckbot)"
40.76.163.7 - - [11/Jul/2023:13:24:05 +0200] "GET / HTTP/1.1" 301 233 "http://www.cleanolia.fr/robots.txt" "DuckDuckBot-Https/1.1; (+https://duckduckgo.com/duckduckbot)"
40.76.163.7 - - [11/Jul/2023:13:24:23 +0200] "GET / HTTP/1.1" 301 233 "-" "'DuckDuckBot-Https/1.1; (+https://duckduckgo.com/duckduckbot)'"
191.55.14.37 - - [11/Jul/2023:13:27:50 +0200] "GET /wp-login.php HTTP/1.1" 301 245 "-" "Mozilla/5.0 (Windows NT 10.0; WOW64; Trident/7.0; rv:11.0) like Gecko"
191.55.14.37 - - [11/Jul/2023:13:27:50 +0200] "GET /xmlrpc.php HTTP/1.1" 301 243 "-" "Mozilla/5.0 (Windows NT 10.0; WOW64; Trident/7.0; rv:11.0) like Gecko"
185.225.74.189 - - [11/Jul/2023:13:54:32 +0200] "GET / HTTP/1.1" 301 229 "-" "python-requests/2.27.1"
27.115.124.70 - - [11/Jul/2023:14:02:07 +0200] "GET / HTTP/1.1" 301 233 "http://baidu.com/" "Mozilla/5.0 (Linux; Android 8.0; Pixel 2 Build/OPD3.170816.012) AppleWebKit/537.36 (KHTML, like Gecko) Chrome/87.0.4280.88 Mobile Safari/537.36"
216.244.66.202 - - [11/Jul/2023:14:03:57 +0200] "GET /robots.txt HTTP/1.1" 301 243 "-" "Mozilla/5.0 (compatible; DotBot/1.2; +https://opensiteexplorer.org/dotbot; help@moz.com)"
185.225.74.189 - - [11/Jul/2023:14:05:48 +0200] "GET /.env HTTP/1.1" 301 233 "-" "Mozila/5.0"
85.208.98.53 - - [11/Jul/2023:14:08:28 +0200] "GET /robots.txt HTTP/1.1" 301 243 "-" "Apache-HttpClient/4.5.3 (Java/11.0.11)"
65.154.226.167 - - [11/Jul/2023:14:32:47 +0200] "GET / HTTP/1.1" 301 233 "-" "Mozilla/5.0 (Windows NT 10.0) AppleWebKit/537.36 (KHTML, like Gecko) Chrome/106.0.0.0 Safari/537.36"
103.24.85.220 - - [11/Jul/2023:14:34:07 +0200] "GET /wp-login.php HTTP/1.1" 301 245 "-" "Mozilla/5.0 (Windows NT 10.0; WOW64; Trident/7.0; rv:11.0) like Gecko"
103.24.85.220 - - [11/Jul/2023:14:34:09 +0200] "GET /xmlrpc.php HTTP/1.1" 301 243 "-" "Mozilla/5.0 (Windows NT 10.0; WOW64; Trident/7.0; rv:11.0) like Gecko"
86.206.45.12 - - [11/Jul/2023:14:40:02 +0200] "GET / HTTP/1.1" 301 229 "-" "Mozilla/5.0 (X11; Ubuntu; Linux i686; rv:24.0) Gecko/20100101 Firefox/24.0"
216.244.66.202 - - [11/Jul/2023:14:58:02 +0200] "GET /robots.txt HTTP/1.1" 301 243 "-" "Mozilla/5.0 (compatible; DotBot/1.2; +https://opensiteexplorer.org/dotbot; help@moz.com)"
185.197.74.6 - - [11/Jul/2023:15:17:29 +0200] "GET / HTTP/1.0" 301 229 "http://cleanolia.fr/" "Mozilla/5.0 (Windows NT 10.0; Win64; x64) AppleWebKit/537.36 (KHTML, like Gecko) Chrome/103.0.5060.134 Safari/537.36"
102.159.148.32 - - [11/Jul/2023:15:18:53 +0200] "GET /client/m/V85WM5 HTTP/1.1" 301 248 "-" "Mozilla/5.0 (Windows NT 10.0; Win64; x64) AppleWebKit/537.36 (KHTML, like Gecko) Chrome/114.0.0.0 Safari/537.36"
65.154.226.170 - - [11/Jul/2023:15:29:34 +0200] "GET /client/m/v85wm5 HTTP/1.1" 301 244 "-" "Mozilla/5.0 (Windows NT 10.0) AppleWebKit/537.36 (KHTML, like Gecko) Chrome/106.0.0.0 Safari/537.36"
2.10.233.119 - - [11/Jul/2023:15:31:43 +0200] "GET /client/m/V85WM5 HTTP/1.1" 301 248 "-" "Mozilla/5.0 (iPhone; CPU iPhone OS 15_0_1 like Mac OS X) AppleWebKit/605.1.15 (KHTML, like Gecko) Version/15.0 Mobile/15E148 Safari/604.1"
49.37.43.185 - - [11/Jul/2023:15:34:20 +0200] "GET /wp-login.php HTTP/1.1" 301 245 "-" "Mozilla/5.0 (Windows NT 10.0; WOW64; Trident/7.0; rv:11.0) like Gecko"
49.37.43.185 - - [11/Jul/2023:15:34:21 +0200] "GET /xmlrpc.php HTTP/1.1" 301 243 "-" "Mozilla/5.0 (Windows NT 10.0; WOW64; Trident/7.0; rv:11.0) like Gecko"
216.244.66.202 - - [11/Jul/2023:15:51:08 +0200] "GET /robots.txt HTTP/1.1" 301 243 "-" "Mozilla/5.0 (compatible; DotBot/1.2; +https://opensiteexplorer.org/dotbot; help@moz.com)"
120.29.69.249 - - [11/Jul/2023:16:02:26 +0200] "GET /wp-login.php HTTP/1.1" 301 245 "-" "Mozilla/5.0 (Windows NT 10.0; WOW64; Trident/7.0; rv:11.0) like Gecko"
120.29.69.249 - - [11/Jul/2023:16:02:26 +0200] "GET /xmlrpc.php HTTP/1.1" 301 243 "-" "Mozilla/5.0 (Windows NT 10.0; WOW64; Trident/7.0; rv:11.0) like Gecko"
194.113.106.9 - - [11/Jul/2023:16:11:40 +0200] "GET / HTTP/1.0" 301 229 "http://cleanolia.fr/" "Mozilla/5.0 (Windows NT 10.0; Win64; x64) AppleWebKit/537.36 (KHTML, like Gecko) Chrome/103.0.5060.66 Safari/537.36"
203.124.41.171 - - [11/Jul/2023:16:16:07 +0200] "GET /wp-login.php HTTP/1.1" 301 245 "-" "Mozilla/5.0 (X11; Fedora; Linux x86_64; rv:94.0) Gecko/20100101 Firefox/95.0"
40.88.21.235 - - [11/Jul/2023:16:19:25 +0200] "GET / HTTP/1.1" 301 233 "http://www.cleanolia.fr/" "Mozilla/5.0 (compatible; DuckDuckGo-Favicons-Bot/1.0; +http://duckduckgo.com)"
40.88.21.235 - - [11/Jul/2023:16:19:30 +0200] "GET / HTTP/1.1" 301 233 "http://www.cleanolia.fr/" "Mozilla/5.0 (compatible; DuckDuckGo-Favicons-Bot/1.0; +http://duckduckgo.com)"
77.136.230.156 - - [11/Jul/2023:16:27:34 +0200] "GET / HTTP/1.1" 301 229 "-" "Mozilla/5.0 (iPhone; CPU iPhone OS 16_5_1 like Mac OS X) AppleWebKit/605.1.15 (KHTML, like Gecko) Version/16.5.1 Mobile/15E148 Safari/604.1"
182.53.132.169 - - [11/Jul/2023:16:52:10 +0200] "GET /wp-login.php HTTP/1.1" 301 245 "-" "Mozilla/5.0 (Windows NT 10.0; WOW64; Trident/7.0; rv:11.0) like Gecko"
182.53.132.169 - - [11/Jul/2023:16:52:11 +0200] "GET /xmlrpc.php HTTP/1.1" 301 243 "-" "Mozilla/5.0 (Windows NT 10.0; WOW64; Trident/7.0; rv:11.0) like Gecko"
193.38.235.158 - - [11/Jul/2023:17:12:13 +0200] "GET / HTTP/1.0" 301 229 "http://cleanolia.fr/" "Mozilla/5.0 (Windows NT 10.0; WOW64) AppleWebKit/537.36 (KHTML, like Gecko) Chrome/103.0.5060.114 Safari/537.36"
105.178.42.6 - - [11/Jul/2023:17:24:49 +0200] "GET /wp-login.php HTTP/1.1" 301 245 "-" "Mozilla/5.0 (Windows NT 10.0; WOW64; Trident/7.0; rv:11.0) like Gecko"
105.178.42.6 - - [11/Jul/2023:17:24:50 +0200] "GET /xmlrpc.php HTTP/1.1" 301 243 "-" "Mozilla/5.0 (Windows NT 10.0; WOW64; Trident/7.0; rv:11.0) like Gecko"
216.244.66.202 - - [11/Jul/2023:17:39:30 +0200] "GET /robots.txt HTTP/1.1" 301 243 "-" "Mozilla/5.0 (compatible; DotBot/1.2; +https://opensiteexplorer.org/dotbot; help@moz.com)"
95.182.120.162 - - [11/Jul/2023:17:52:16 +0200] "GET / HTTP/1.0" 301 229 "http://cleanolia.fr/" "Mozilla/5.0 (Windows NT 10.0) AppleWebKit/537.36 (KHTML, like Gecko) Chrome/103.0.0.0 Safari/537.36"
216.244.66.202 - - [11/Jul/2023:18:31:55 +0200] "GET /robots.txt HTTP/1.1" 301 243 "-" "Mozilla/5.0 (compatible; DotBot/1.2; +https://opensiteexplorer.org/dotbot; help@moz.com)"
102.152.219.239 - - [11/Jul/2023:18:31:59 +0200] "GET /client/m/8UZXXE HTTP/1.1" 301 248 "-" "Mozilla/5.0 (Windows NT 10.0; Win64; x64) AppleWebKit/537.36 (KHTML, like Gecko) Chrome/114.0.0.0 Safari/537.36"
37.139.53.32 - - [11/Jul/2023:18:52:19 +0200] "GET / HTTP/1.0" 301 229 "http://cleanolia.fr/" "Mozilla/5.0 (Windows NT 6.3; Win64; x64) AppleWebKit/537.36 (KHTML, like Gecko) Chrome/103.0.5060.53 Safari/537.36"
104.243.253.9 - - [11/Jul/2023:19:00:07 +0200] "GET / HTTP/1.0" 301 229 "http://cleanolia.fr/" "Mozilla/5.0 (Windows NT 6.1; Win64; x64) AppleWebKit/537.36 (KHTML, like Gecko) Chrome/103.0.5060.66 Safari/537.36"
107.174.115.161 - - [11/Jul/2023:19:13:34 +0200] "GET /robots.txt HTTP/1.1" 301 239 "" "Mozilla/5.0 (compatible; version/1.0; Windows NT 5.1"
107.174.115.161 - - [11/Jul/2023:19:13:34 +0200] "GET / HTTP/1.1" 301 229 "" "Mozilla/5.0 (compatible; version/1.0; Windows NT 5.1"
188.253.234.101 - - [11/Jul/2023:19:22:13 +0200] "GET /wp-login.php HTTP/1.1" 301 245 "-" "Mozilla/5.0 (Windows NT 10.0; WOW64; Trident/7.0; rv:11.0) like Gecko"
188.253.234.101 - - [11/Jul/2023:19:22:14 +0200] "GET /xmlrpc.php HTTP/1.1" 301 243 "-" "Mozilla/5.0 (Windows NT 10.0; WOW64; Trident/7.0; rv:11.0) like Gecko"
216.244.66.202 - - [11/Jul/2023:19:25:39 +0200] "GET /robots.txt HTTP/1.1" 301 243 "-" "Mozilla/5.0 (compatible; DotBot/1.2; +https://opensiteexplorer.org/dotbot; help@moz.com)"
85.208.98.18 - - [11/Jul/2023:19:36:34 +0200] "GET /robots.txt HTTP/1.1" 301 239 "-" "Mozilla/5.0 (compatible; SemrushBot; +http://www.semrush.com/bot.html)"
85.208.98.18 - - [11/Jul/2023:19:59:45 +0200] "GET /robots.txt HTTP/1.1" 301 239 "-" "Mozilla/5.0 (compatible; SemrushBot; +http://www.semrush.com/bot.html)"
85.208.98.18 - - [11/Jul/2023:20:00:28 +0200] "GET /robots.txt HTTP/1.1" 301 239 "-" "Mozilla/5.0 (compatible; SemrushBot; +http://www.semrush.com/bot.html)"
216.244.66.202 - - [11/Jul/2023:20:19:41 +0200] "GET /robots.txt HTTP/1.1" 301 243 "-" "Mozilla/5.0 (compatible; DotBot/1.2; +https://opensiteexplorer.org/dotbot; help@moz.com)"
85.208.98.53 - - [11/Jul/2023:20:20:14 +0200] "GET /robots.txt HTTP/1.1" 301 243 "-" "Apache-HttpClient/4.5.3 (Java/11.0.11)"
52.49.153.171 - - [11/Jul/2023:20:27:58 +0200] "GET / HTTP/1.1" 301 229 "-" "Python/3.10 aiohttp/3.8.4"
103.175.163.172 - - [11/Jul/2023:20:56:57 +0200] "GET /wp-login.php HTTP/1.1" 301 241 "-" "Mozilla/5.0 (X11; Fedora; Linux x86_64; rv:94.0) Gecko/20100101 Firefox/95.0"
216.244.66.202 - - [11/Jul/2023:21:13:29 +0200] "GET /robots.txt HTTP/1.1" 301 243 "-" "Mozilla/5.0 (compatible; DotBot/1.2; +https://opensiteexplorer.org/dotbot; help@moz.com)"
95.25.80.101 - - [11/Jul/2023:21:14:01 +0200] "GET / HTTP/1.0" 301 229 "http://cleanolia.fr/" "Mozilla/5.0 (Windows NT 10.0; Win64; x64) AppleWebKit/537.36 (KHTML, like Gecko) Chrome/103.0.5060.66 Safari/537.36"
5.45.77.43 - - [11/Jul/2023:21:18:21 +0200] "GET / HTTP/1.1" 301 229 "-" "Mozilla/5.0 (Windows NT 6.1) AppleWebKit/537.36 (KHTML, like Gecko) Chrome/41.0.2228.0 Safari/537.36"
5.45.77.43 - - [11/Jul/2023:21:18:22 +0200] "GET /css/ HTTP/1.1" 301 233 "-" "Mozilla/5.0 (Windows NT 6.1) AppleWebKit/537.36 (KHTML, like Gecko) Chrome/41.0.2228.0 Safari/537.36"
5.45.77.43 - - [11/Jul/2023:21:18:23 +0200] "GET /image/ HTTP/1.1" 301 235 "-" "Mozilla/5.0 (Windows NT 6.1) AppleWebKit/537.36 (KHTML, like Gecko) Chrome/41.0.2228.0 Safari/537.36"
5.45.77.43 - - [11/Jul/2023:21:18:24 +0200] "GET /images/ HTTP/1.1" 301 236 "-" "Mozilla/5.0 (Windows NT 6.1) AppleWebKit/537.36 (KHTML, like Gecko) Chrome/41.0.2228.0 Safari/537.36"
5.45.77.43 - - [11/Jul/2023:21:18:25 +0200] "GET /img/ HTTP/1.1" 301 233 "-" "Mozilla/5.0 (Windows NT 6.1) AppleWebKit/537.36 (KHTML, like Gecko) Chrome/41.0.2228.0 Safari/537.36"
5.45.77.43 - - [11/Jul/2023:21:18:27 +0200] "GET /tmp/ HTTP/1.1" 301 233 "-" "Mozilla/5.0 (Windows NT 6.1) AppleWebKit/537.36 (KHTML, like Gecko) Chrome/41.0.2228.0 Safari/537.36"
5.45.77.43 - - [11/Jul/2023:21:18:28 +0200] "GET /temp/ HTTP/1.1" 301 234 "-" "Mozilla/5.0 (Windows NT 6.1) AppleWebKit/537.36 (KHTML, like Gecko) Chrome/41.0.2228.0 Safari/537.36"
5.45.77.43 - - [11/Jul/2023:21:18:29 +0200] "GET /js/ HTTP/1.1" 301 232 "-" "Mozilla/5.0 (Windows NT 6.1) AppleWebKit/537.36 (KHTML, like Gecko) Chrome/41.0.2228.0 Safari/537.36"
5.45.77.43 - - [11/Jul/2023:21:18:30 +0200] "GET /styles/ HTTP/1.1" 301 236 "-" "Mozilla/5.0 (Windows NT 6.1) AppleWebKit/537.36 (KHTML, like Gecko) Chrome/41.0.2228.0 Safari/537.36"
5.45.77.43 - - [11/Jul/2023:21:18:31 +0200] "GET /style/ HTTP/1.1" 301 235 "-" "Mozilla/5.0 (Windows NT 6.1) AppleWebKit/537.36 (KHTML, like Gecko) Chrome/41.0.2228.0 Safari/537.36"
5.45.77.43 - - [11/Jul/2023:21:18:33 +0200] "GET /includes/ HTTP/1.1" 301 238 "-" "Mozilla/5.0 (Windows NT 6.1) AppleWebKit/537.36 (KHTML, like Gecko) Chrome/41.0.2228.0 Safari/537.36"
5.45.77.43 - - [11/Jul/2023:21:18:34 +0200] "GET /.well-known/pki-validation/ HTTP/1.1" 200 654 "-" "Mozilla/5.0 (Windows NT 6.1) AppleWebKit/537.36 (KHTML, like Gecko) Chrome/41.0.2228.0 Safari/537.36"
5.45.77.43 - - [11/Jul/2023:21:18:35 +0200] "GET /.well-known/pki-validation/vlihsdna/ HTTP/1.1" 404 - "-" "Mozilla/5.0 (Windows NT 6.1) AppleWebKit/537.36 (KHTML, like Gecko) Chrome/41.0.2228.0 Safari/537.36"
5.45.77.43 - - [11/Jul/2023:21:18:35 +0200] "GET /.well-known/acme-challenge/ HTTP/1.1" 301 256 "-" "Mozilla/5.0 (Windows NT 6.1) AppleWebKit/537.36 (KHTML, like Gecko) Chrome/41.0.2228.0 Safari/537.36"
5.45.77.43 - - [11/Jul/2023:21:18:37 +0200] "GET /.well-known/ HTTP/1.1" 301 241 "-" "Mozilla/5.0 (Windows NT 6.1) AppleWebKit/537.36 (KHTML, like Gecko) Chrome/41.0.2228.0 Safari/537.36"
5.45.77.43 - - [11/Jul/2023:21:18:38 +0200] "GET /__MACOSX/ HTTP/1.1" 301 238 "-" "Mozilla/5.0 (Windows NT 6.1) AppleWebKit/537.36 (KHTML, like Gecko) Chrome/41.0.2228.0 Safari/537.36"
5.45.77.43 - - [11/Jul/2023:21:18:39 +0200] "GET /.svn/ HTTP/1.1" 301 234 "-" "Mozilla/5.0 (Windows NT 6.1) AppleWebKit/537.36 (KHTML, like Gecko) Chrome/41.0.2228.0 Safari/537.36"
5.45.77.43 - - [11/Jul/2023:21:18:41 +0200] "GET /.tmb/ HTTP/1.1" 301 234 "-" "Mozilla/5.0 (Windows NT 6.1) AppleWebKit/537.36 (KHTML, like Gecko) Chrome/41.0.2228.0 Safari/537.36"
5.45.77.43 - - [11/Jul/2023:21:18:42 +0200] "GET /Connections/ HTTP/1.1" 301 241 "-" "Mozilla/5.0 (Windows NT 6.1) AppleWebKit/537.36 (KHTML, like Gecko) Chrome/41.0.2228.0 Safari/537.36"
5.45.77.43 - - [11/Jul/2023:21:18:43 +0200] "GET /EN/ HTTP/1.1" 301 232 "-" "Mozilla/5.0 (Windows NT 6.1) AppleWebKit/537.36 (KHTML, like Gecko) Chrome/41.0.2228.0 Safari/537.36"
5.45.77.43 - - [11/Jul/2023:21:18:45 +0200] "GET /en/ HTTP/1.1" 301 232 "-" "Mozilla/5.0 (Windows NT 6.1) AppleWebKit/537.36 (KHTML, like Gecko) Chrome/41.0.2228.0 Safari/537.36"
5.45.77.43 - - [11/Jul/2023:21:18:46 +0200] "GET /IMG/ HTTP/1.1" 301 233 "-" "Mozilla/5.0 (Windows NT 6.1) AppleWebKit/537.36 (KHTML, like Gecko) Chrome/41.0.2228.0 Safari/537.36"
5.45.77.43 - - [11/Jul/2023:21:18:48 +0200] "GET /Images/ HTTP/1.1" 301 236 "-" "Mozilla/5.0 (Windows NT 6.1) AppleWebKit/537.36 (KHTML, like Gecko) Chrome/41.0.2228.0 Safari/537.36"
5.45.77.43 - - [11/Jul/2023:21:18:49 +0200] "GET /imag/ HTTP/1.1" 301 234 "-" "Mozilla/5.0 (Windows NT 6.1) AppleWebKit/537.36 (KHTML, like Gecko) Chrome/41.0.2228.0 Safari/537.36"
5.45.77.43 - - [11/Jul/2023:21:18:50 +0200] "GET /Scripts/ HTTP/1.1" 301 237 "-" "Mozilla/5.0 (Windows NT 6.1) AppleWebKit/537.36 (KHTML, like Gecko) Chrome/41.0.2228.0 Safari/537.36"
5.45.77.43 - - [11/Jul/2023:21:18:52 +0200] "GET /_notes/ HTTP/1.1" 301 236 "-" "Mozilla/5.0 (Windows NT 6.1) AppleWebKit/537.36 (KHTML, like Gecko) Chrome/41.0.2228.0 Safari/537.36"
5.45.77.43 - - [11/Jul/2023:21:18:53 +0200] "GET /about/ HTTP/1.1" 301 235 "-" "Mozilla/5.0 (Windows NT 6.1) AppleWebKit/537.36 (KHTML, like Gecko) Chrome/41.0.2228.0 Safari/537.36"
5.45.77.43 - - [11/Jul/2023:21:18:54 +0200] "GET /account/ HTTP/1.1" 301 237 "-" "Mozilla/5.0 (Windows NT 6.1) AppleWebKit/537.36 (KHTML, like Gecko) Chrome/41.0.2228.0 Safari/537.36"
5.45.77.43 - - [11/Jul/2023:21:18:55 +0200] "GET /admin/ HTTP/1.1" 301 235 "-" "Mozilla/5.0 (Windows NT 6.1) AppleWebKit/537.36 (KHTML, like Gecko) Chrome/41.0.2228.0 Safari/537.36"
5.45.77.43 - - [11/Jul/2023:21:18:56 +0200] "GET /ajax/ HTTP/1.1" 301 234 "-" "Mozilla/5.0 (Windows NT 6.1) AppleWebKit/537.36 (KHTML, like Gecko) Chrome/41.0.2228.0 Safari/537.36"
5.45.77.43 - - [11/Jul/2023:21:18:59 +0200] "GET /app/ HTTP/1.1" 301 233 "-" "Mozilla/5.0 (Windows NT 6.1) AppleWebKit/537.36 (KHTML, like Gecko) Chrome/41.0.2228.0 Safari/537.36"
5.45.77.43 - - [11/Jul/2023:21:19:01 +0200] "GET /assets/ HTTP/1.1" 301 236 "-" "Mozilla/5.0 (Windows NT 6.1) AppleWebKit/537.36 (KHTML, like Gecko) Chrome/41.0.2228.0 Safari/537.36"
5.45.77.43 - - [11/Jul/2023:21:19:01 +0200] "GET /author/ HTTP/1.1" 301 236 "-" "Mozilla/5.0 (Windows NT 6.1) AppleWebKit/537.36 (KHTML, like Gecko) Chrome/41.0.2228.0 Safari/537.36"
5.45.77.43 - - [11/Jul/2023:21:19:02 +0200] "GET /banners/ HTTP/1.1" 301 237 "-" "Mozilla/5.0 (Windows NT 6.1) AppleWebKit/537.36 (KHTML, like Gecko) Chrome/41.0.2228.0 Safari/537.36"
5.45.77.43 - - [11/Jul/2023:21:19:03 +0200] "GET /blog/ HTTP/1.1" 301 234 "-" "Mozilla/5.0 (Windows NT 6.1) AppleWebKit/537.36 (KHTML, like Gecko) Chrome/41.0.2228.0 Safari/537.36"
5.45.77.43 - - [11/Jul/2023:21:19:04 +0200] "GET /blogs/ HTTP/1.1" 301 235 "-" "Mozilla/5.0 (Windows NT 6.1) AppleWebKit/537.36 (KHTML, like Gecko) Chrome/41.0.2228.0 Safari/537.36"
5.45.77.43 - - [11/Jul/2023:21:19:06 +0200] "GET /books/ HTTP/1.1" 301 235 "-" "Mozilla/5.0 (Windows NT 6.1) AppleWebKit/537.36 (KHTML, like Gecko) Chrome/41.0.2228.0 Safari/537.36"
5.45.77.43 - - [11/Jul/2023:21:19:07 +0200] "GET /bootstrap/ HTTP/1.1" 301 239 "-" "Mozilla/5.0 (Windows NT 6.1) AppleWebKit/537.36 (KHTML, like Gecko) Chrome/41.0.2228.0 Safari/537.36"
5.45.77.43 - - [11/Jul/2023:21:19:08 +0200] "GET /cache/ HTTP/1.1" 301 235 "-" "Mozilla/5.0 (Windows NT 6.1) AppleWebKit/537.36 (KHTML, like Gecko) Chrome/41.0.2228.0 Safari/537.36"
5.45.77.43 - - [11/Jul/2023:21:19:09 +0200] "GET /catalog/ HTTP/1.1" 301 237 "-" "Mozilla/5.0 (Windows NT 6.1) AppleWebKit/537.36 (KHTML, like Gecko) Chrome/41.0.2228.0 Safari/537.36"
5.45.77.43 - - [11/Jul/2023:21:19:09 +0200] "GET /cdn-cgi/ HTTP/1.1" 301 237 "-" "Mozilla/5.0 (Windows NT 6.1) AppleWebKit/537.36 (KHTML, like Gecko) Chrome/41.0.2228.0 Safari/537.36"
5.45.77.43 - - [11/Jul/2023:21:19:11 +0200] "GET /cdn-cgi/scripts/ HTTP/1.1" 301 245 "-" "Mozilla/5.0 (Windows NT 6.1) AppleWebKit/537.36 (KHTML, like Gecko) Chrome/41.0.2228.0 Safari/537.36"
5.45.77.43 - - [11/Jul/2023:21:19:12 +0200] "GET /cdn/ HTTP/1.1" 301 233 "-" "Mozilla/5.0 (Windows NT 6.1) AppleWebKit/537.36 (KHTML, like Gecko) Chrome/41.0.2228.0 Safari/537.36"
5.45.77.43 - - [11/Jul/2023:21:19:13 +0200] "GET /cgi-bin/ HTTP/1.1" 301 237 "-" "Mozilla/5.0 (Windows NT 6.1) AppleWebKit/537.36 (KHTML, like Gecko) Chrome/41.0.2228.0 Safari/537.36"
5.45.77.43 - - [11/Jul/2023:21:19:15 +0200] "GET /cgi/ HTTP/1.1" 301 233 "-" "Mozilla/5.0 (Windows NT 6.1) AppleWebKit/537.36 (KHTML, like Gecko) Chrome/41.0.2228.0 Safari/537.36"
5.45.77.43 - - [11/Jul/2023:21:19:16 +0200] "GET /client/ HTTP/1.1" 301 236 "-" "Mozilla/5.0 (Windows NT 6.1) AppleWebKit/537.36 (KHTML, like Gecko) Chrome/41.0.2228.0 Safari/537.36"
5.45.77.43 - - [11/Jul/2023:21:19:17 +0200] "GET /collections/ HTTP/1.1" 301 241 "-" "Mozilla/5.0 (Windows NT 6.1) AppleWebKit/537.36 (KHTML, like Gecko) Chrome/41.0.2228.0 Safari/537.36"
5.45.77.43 - - [11/Jul/2023:21:19:19 +0200] "GET /config/ HTTP/1.1" 301 236 "-" "Mozilla/5.0 (Windows NT 6.1) AppleWebKit/537.36 (KHTML, like Gecko) Chrome/41.0.2228.0 Safari/537.36"
5.45.77.43 - - [11/Jul/2023:21:19:20 +0200] "GET /contacto/ HTTP/1.1" 301 238 "-" "Mozilla/5.0 (Windows NT 6.1) AppleWebKit/537.36 (KHTML, like Gecko) Chrome/41.0.2228.0 Safari/537.36"
5.45.77.43 - - [11/Jul/2023:21:19:21 +0200] "GET /content/ HTTP/1.1" 301 237 "-" "Mozilla/5.0 (Windows NT 6.1) AppleWebKit/537.36 (KHTML, like Gecko) Chrome/41.0.2228.0 Safari/537.36"
5.45.77.43 - - [11/Jul/2023:21:19:22 +0200] "GET /cuisine/ HTTP/1.1" 301 237 "-" "Mozilla/5.0 (Windows NT 6.1) AppleWebKit/537.36 (KHTML, like Gecko) Chrome/41.0.2228.0 Safari/537.36"
5.45.77.43 - - [11/Jul/2023:21:19:23 +0200] "GET /data_files/ HTTP/1.1" 301 240 "-" "Mozilla/5.0 (Windows NT 6.1) AppleWebKit/537.36 (KHTML, like Gecko) Chrome/41.0.2228.0 Safari/537.36"
5.45.77.43 - - [11/Jul/2023:21:19:24 +0200] "GET /db/ HTTP/1.1" 301 232 "-" "Mozilla/5.0 (Windows NT 6.1) AppleWebKit/537.36 (KHTML, like Gecko) Chrome/41.0.2228.0 Safari/537.36"
5.45.77.43 - - [11/Jul/2023:21:19:25 +0200] "GET /div/ HTTP/1.1" 301 233 "-" "Mozilla/5.0 (Windows NT 6.1) AppleWebKit/537.36 (KHTML, like Gecko) Chrome/41.0.2228.0 Safari/537.36"
5.45.77.43 - - [11/Jul/2023:21:19:26 +0200] "GET /favicons/ HTTP/1.1" 301 238 "-" "Mozilla/5.0 (Windows NT 6.1) AppleWebKit/537.36 (KHTML, like Gecko) Chrome/41.0.2228.0 Safari/537.36"
5.45.77.43 - - [11/Jul/2023:21:19:26 +0200] "GET /files/ HTTP/1.1" 301 235 "-" "Mozilla/5.0 (Windows NT 6.1) AppleWebKit/537.36 (KHTML, like Gecko) Chrome/41.0.2228.0 Safari/537.36"
5.45.77.43 - - [11/Jul/2023:21:19:27 +0200] "GET /fonts/ HTTP/1.1" 301 235 "-" "Mozilla/5.0 (Windows NT 6.1) AppleWebKit/537.36 (KHTML, like Gecko) Chrome/41.0.2228.0 Safari/537.36"
5.45.77.43 - - [11/Jul/2023:21:19:28 +0200] "GET /gallery/ HTTP/1.1" 301 237 "-" "Mozilla/5.0 (Windows NT 6.1) AppleWebKit/537.36 (KHTML, like Gecko) Chrome/41.0.2228.0 Safari/537.36"
5.45.77.43 - - [11/Jul/2023:21:19:29 +0200] "GET /im/ HTTP/1.1" 301 232 "-" "Mozilla/5.0 (Windows NT 6.1) AppleWebKit/537.36 (KHTML, like Gecko) Chrome/41.0.2228.0 Safari/537.36"
5.45.77.43 - - [11/Jul/2023:21:19:30 +0200] "GET /img-site/ HTTP/1.1" 301 238 "-" "Mozilla/5.0 (Windows NT 6.1) AppleWebKit/537.36 (KHTML, like Gecko) Chrome/41.0.2228.0 Safari/537.36"
5.45.77.43 - - [11/Jul/2023:21:19:31 +0200] "GET /index/ HTTP/1.1" 301 235 "-" "Mozilla/5.0 (Windows NT 6.1) AppleWebKit/537.36 (KHTML, like Gecko) Chrome/41.0.2228.0 Safari/537.36"
5.45.77.43 - - [11/Jul/2023:21:19:32 +0200] "GET /index_files/ HTTP/1.1" 301 241 "-" "Mozilla/5.0 (Windows NT 6.1) AppleWebKit/537.36 (KHTML, like Gecko) Chrome/41.0.2228.0 Safari/537.36"
5.45.77.43 - - [11/Jul/2023:21:19:33 +0200] "GET /info/ HTTP/1.1" 301 234 "-" "Mozilla/5.0 (Windows NT 6.1) AppleWebKit/537.36 (KHTML, like Gecko) Chrome/41.0.2228.0 Safari/537.36"
5.45.77.43 - - [11/Jul/2023:21:19:34 +0200] "GET /infos/ HTTP/1.1" 301 235 "-" "Mozilla/5.0 (Windows NT 6.1) AppleWebKit/537.36 (KHTML, like Gecko) Chrome/41.0.2228.0 Safari/537.36"
5.45.77.43 - - [11/Jul/2023:21:19:36 +0200] "GET /lang/ HTTP/1.1" 301 234 "-" "Mozilla/5.0 (Windows NT 6.1) AppleWebKit/537.36 (KHTML, like Gecko) Chrome/41.0.2228.0 Safari/537.36"
5.45.77.43 - - [11/Jul/2023:21:19:36 +0200] "GET /library/ HTTP/1.1" 301 237 "-" "Mozilla/5.0 (Windows NT 6.1) AppleWebKit/537.36 (KHTML, like Gecko) Chrome/41.0.2228.0 Safari/537.36"
5.45.77.43 - - [11/Jul/2023:21:19:37 +0200] "GET /limg_png/ HTTP/1.1" 301 238 "-" "Mozilla/5.0 (Windows NT 6.1) AppleWebKit/537.36 (KHTML, like Gecko) Chrome/41.0.2228.0 Safari/537.36"
5.45.77.43 - - [11/Jul/2023:21:19:38 +0200] "GET /lists/ HTTP/1.1" 301 235 "-" "Mozilla/5.0 (Windows NT 6.1) AppleWebKit/537.36 (KHTML, like Gecko) Chrome/41.0.2228.0 Safari/537.36"
5.45.77.43 - - [11/Jul/2023:21:19:39 +0200] "GET /media/ HTTP/1.1" 301 235 "-" "Mozilla/5.0 (Windows NT 6.1) AppleWebKit/537.36 (KHTML, like Gecko) Chrome/41.0.2228.0 Safari/537.36"
5.45.77.43 - - [11/Jul/2023:21:19:39 +0200] "GET /modules/ HTTP/1.1" 301 237 "-" "Mozilla/5.0 (Windows NT 6.1) AppleWebKit/537.36 (KHTML, like Gecko) Chrome/41.0.2228.0 Safari/537.36"
5.45.77.43 - - [11/Jul/2023:21:19:41 +0200] "GET /movies/ HTTP/1.1" 301 236 "-" "Mozilla/5.0 (Windows NT 6.1) AppleWebKit/537.36 (KHTML, like Gecko) Chrome/41.0.2228.0 Safari/537.36"
5.45.77.43 - - [11/Jul/2023:21:19:42 +0200] "GET /news/ HTTP/1.1" 301 234 "-" "Mozilla/5.0 (Windows NT 6.1) AppleWebKit/537.36 (KHTML, like Gecko) Chrome/41.0.2228.0 Safari/537.36"
5.45.77.43 - - [11/Jul/2023:21:19:42 +0200] "GET /nota/ HTTP/1.1" 301 234 "-" "Mozilla/5.0 (Windows NT 6.1) AppleWebKit/537.36 (KHTML, like Gecko) Chrome/41.0.2228.0 Safari/537.36"
5.45.77.43 - - [11/Jul/2023:21:19:43 +0200] "GET /page/ HTTP/1.1" 301 234 "-" "Mozilla/5.0 (Windows NT 6.1) AppleWebKit/537.36 (KHTML, like Gecko) Chrome/41.0.2228.0 Safari/537.36"
5.45.77.43 - - [11/Jul/2023:21:19:45 +0200] "GET /pages/ HTTP/1.1" 301 235 "-" "Mozilla/5.0 (Windows NT 6.1) AppleWebKit/537.36 (KHTML, like Gecko) Chrome/41.0.2228.0 Safari/537.36"
5.45.77.43 - - [11/Jul/2023:21:19:46 +0200] "GET /pics/ HTTP/1.1" 301 234 "-" "Mozilla/5.0 (Windows NT 6.1) AppleWebKit/537.36 (KHTML, like Gecko) Chrome/41.0.2228.0 Safari/537.36"
5.45.77.43 - - [11/Jul/2023:21:19:47 +0200] "GET /plugins/content/ HTTP/1.1" 301 245 "-" "Mozilla/5.0 (Windows NT 6.1) AppleWebKit/537.36 (KHTML, like Gecko) Chrome/41.0.2228.0 Safari/537.36"
5.45.77.43 - - [11/Jul/2023:21:19:48 +0200] "GET /quarantine/ HTTP/1.1" 301 240 "-" "Mozilla/5.0 (Windows NT 6.1) AppleWebKit/537.36 (KHTML, like Gecko) Chrome/41.0.2228.0 Safari/537.36"
5.45.77.43 - - [11/Jul/2023:21:19:50 +0200] "GET /respmenu/ HTTP/1.1" 301 238 "-" "Mozilla/5.0 (Windows NT 6.1) AppleWebKit/537.36 (KHTML, like Gecko) Chrome/41.0.2228.0 Safari/537.36"
5.45.77.43 - - [11/Jul/2023:21:19:51 +0200] "GET /rss/ HTTP/1.1" 301 233 "-" "Mozilla/5.0 (Windows NT 6.1) AppleWebKit/537.36 (KHTML, like Gecko) Chrome/41.0.2228.0 Safari/537.36"
5.45.77.43 - - [11/Jul/2023:21:19:52 +0200] "GET /scripts/ HTTP/1.1" 301 237 "-" "Mozilla/5.0 (Windows NT 6.1) AppleWebKit/537.36 (KHTML, like Gecko) Chrome/41.0.2228.0 Safari/537.36"
5.45.77.43 - - [11/Jul/2023:21:19:54 +0200] "GET /shop/ HTTP/1.1" 301 234 "-" "Mozilla/5.0 (Windows NT 6.1) AppleWebKit/537.36 (KHTML, like Gecko) Chrome/41.0.2228.0 Safari/537.36"
5.45.77.43 - - [11/Jul/2023:21:19:55 +0200] "GET /sliderengine/ HTTP/1.1" 301 242 "-" "Mozilla/5.0 (Windows NT 6.1) AppleWebKit/537.36 (KHTML, like Gecko) Chrome/41.0.2228.0 Safari/537.36"
5.45.77.43 - - [11/Jul/2023:21:19:56 +0200] "GET /static/ HTTP/1.1" 301 236 "-" "Mozilla/5.0 (Windows NT 6.1) AppleWebKit/537.36 (KHTML, like Gecko) Chrome/41.0.2228.0 Safari/537.36"
5.45.77.43 - - [11/Jul/2023:21:19:58 +0200] "GET /static/img/ HTTP/1.1" 301 240 "-" "Mozilla/5.0 (Windows NT 6.1) AppleWebKit/537.36 (KHTML, like Gecko) Chrome/41.0.2228.0 Safari/537.36"
5.45.77.43 - - [11/Jul/2023:21:19:59 +0200] "GET /system/ HTTP/1.1" 301 236 "-" "Mozilla/5.0 (Windows NT 6.1) AppleWebKit/537.36 (KHTML, like Gecko) Chrome/41.0.2228.0 Safari/537.36"
5.45.77.43 - - [11/Jul/2023:21:20:02 +0200] "GET /table/ HTTP/1.1" 301 235 "-" "Mozilla/5.0 (Windows NT 6.1) AppleWebKit/537.36 (KHTML, like Gecko) Chrome/41.0.2228.0 Safari/537.36"
5.45.77.43 - - [11/Jul/2023:21:20:03 +0200] "GET /templates/ HTTP/1.1" 301 239 "-" "Mozilla/5.0 (Windows NT 6.1) AppleWebKit/537.36 (KHTML, like Gecko) Chrome/41.0.2228.0 Safari/537.36"
5.45.77.43 - - [11/Jul/2023:21:20:05 +0200] "GET /theme/ HTTP/1.1" 301 235 "-" "Mozilla/5.0 (Windows NT 6.1) AppleWebKit/537.36 (KHTML, like Gecko) Chrome/41.0.2228.0 Safari/537.36"
5.45.77.43 - - [11/Jul/2023:21:20:06 +0200] "GET /tim/ HTTP/1.1" 301 233 "-" "Mozilla/5.0 (Windows NT 6.1) AppleWebKit/537.36 (KHTML, like Gecko) Chrome/41.0.2228.0 Safari/537.36"
5.45.77.43 - - [11/Jul/2023:21:20:08 +0200] "GET /upload/ HTTP/1.1" 301 236 "-" "Mozilla/5.0 (Windows NT 6.1) AppleWebKit/537.36 (KHTML, like Gecko) Chrome/41.0.2228.0 Safari/537.36"
5.45.77.43 - - [11/Jul/2023:21:20:11 +0200] "GET /uploads/ HTTP/1.1" 301 237 "-" "Mozilla/5.0 (Windows NT 6.1) AppleWebKit/537.36 (KHTML, like Gecko) Chrome/41.0.2228.0 Safari/537.36"
5.45.77.43 - - [11/Jul/2023:21:20:12 +0200] "GET /usage/ HTTP/1.1" 301 235 "-" "Mozilla/5.0 (Windows NT 6.1) AppleWebKit/537.36 (KHTML, like Gecko) Chrome/41.0.2228.0 Safari/537.36"
5.45.77.43 - - [11/Jul/2023:21:20:14 +0200] "GET /userfiles/ HTTP/1.1" 301 239 "-" "Mozilla/5.0 (Windows NT 6.1) AppleWebKit/537.36 (KHTML, like Gecko) Chrome/41.0.2228.0 Safari/537.36"
5.45.77.43 - - [11/Jul/2023:21:20:14 +0200] "GET /v1/ HTTP/1.1" 301 232 "-" "Mozilla/5.0 (Windows NT 6.1) AppleWebKit/537.36 (KHTML, like Gecko) Chrome/41.0.2228.0 Safari/537.36"
5.45.77.43 - - [11/Jul/2023:21:20:16 +0200] "GET /v2/ HTTP/1.1" 301 232 "-" "Mozilla/5.0 (Windows NT 6.1) AppleWebKit/537.36 (KHTML, like Gecko) Chrome/41.0.2228.0 Safari/537.36"
5.45.77.43 - - [11/Jul/2023:21:20:17 +0200] "GET /v3/ HTTP/1.1" 301 232 "-" "Mozilla/5.0 (Windows NT 6.1) AppleWebKit/537.36 (KHTML, like Gecko) Chrome/41.0.2228.0 Safari/537.36"
5.45.77.43 - - [11/Jul/2023:21:20:19 +0200] "GET /vignettes/ HTTP/1.1" 301 239 "-" "Mozilla/5.0 (Windows NT 6.1) AppleWebKit/537.36 (KHTML, like Gecko) Chrome/41.0.2228.0 Safari/537.36"
5.45.77.43 - - [11/Jul/2023:21:20:20 +0200] "GET /web/ HTTP/1.1" 301 233 "-" "Mozilla/5.0 (Windows NT 6.1) AppleWebKit/537.36 (KHTML, like Gecko) Chrome/41.0.2228.0 Safari/537.36"
5.45.77.43 - - [11/Jul/2023:21:20:21 +0200] "GET /webstats/ HTTP/1.1" 301 238 "-" "Mozilla/5.0 (Windows NT 6.1) AppleWebKit/537.36 (KHTML, like Gecko) Chrome/41.0.2228.0 Safari/537.36"
5.45.77.43 - - [11/Jul/2023:21:20:21 +0200] "GET /widgets/ HTTP/1.1" 301 237 "-" "Mozilla/5.0 (Windows NT 6.1) AppleWebKit/537.36 (KHTML, like Gecko) Chrome/41.0.2228.0 Safari/537.36"
5.45.77.43 - - [11/Jul/2023:21:20:22 +0200] "GET /nos-services/ HTTP/1.1" 301 246 "-" "Mozilla/5.0 (Windows NT 6.1) AppleWebKit/537.36 (KHTML, like Gecko) Chrome/41.0.2228.0 Safari/537.36"
5.45.77.43 - - [11/Jul/2023:21:20:23 +0200] "GET /nos-services/nettoyage-vitres/ HTTP/1.1" 301 263 "-" "Mozilla/5.0 (Windows NT 6.1) AppleWebKit/537.36 (KHTML, like Gecko) Chrome/41.0.2228.0 Safari/537.36"
5.45.77.43 - - [11/Jul/2023:21:20:24 +0200] "GET /nos-services/nettoyage-industriel/ HTTP/1.1" 301 267 "-" "Mozilla/5.0 (Windows NT 6.1) AppleWebKit/537.36 (KHTML, like Gecko) Chrome/41.0.2228.0 Safari/537.36"
5.45.77.43 - - [11/Jul/2023:21:20:26 +0200] "GET /nos-services/nettoyage-fin-chantier/ HTTP/1.1" 301 269 "-" "Mozilla/5.0 (Windows NT 6.1) AppleWebKit/537.36 (KHTML, like Gecko) Chrome/41.0.2228.0 Safari/537.36"
5.45.77.43 - - [11/Jul/2023:21:20:28 +0200] "GET /nos-services/nettoyage-apres-sinistre/ HTTP/1.1" 301 271 "-" "Mozilla/5.0 (Windows NT 6.1) AppleWebKit/537.36 (KHTML, like Gecko) Chrome/41.0.2228.0 Safari/537.36"
5.45.77.43 - - [11/Jul/2023:21:20:30 +0200] "GET /nos-services/nettoyage-evenementiel/ HTTP/1.1" 301 269 "-" "Mozilla/5.0 (Windows NT 6.1) AppleWebKit/537.36 (KHTML, like Gecko) Chrome/41.0.2228.0 Safari/537.36"
5.45.77.43 - - [11/Jul/2023:21:20:32 +0200] "GET /nos-services/entretien-espaces-verts/ HTTP/1.1" 301 270 "-" "Mozilla/5.0 (Windows NT 6.1) AppleWebKit/537.36 (KHTML, like Gecko) Chrome/41.0.2228.0 Safari/537.36"
5.45.77.43 - - [11/Jul/2023:21:20:34 +0200] "GET /nos-services/nettoyage-et-entretien-bureaux/ HTTP/1.1" 301 277 "-" "Mozilla/5.0 (Windows NT 6.1) AppleWebKit/537.36 (KHTML, like Gecko) Chrome/41.0.2228.0 Safari/537.36"
5.45.77.43 - - [11/Jul/2023:21:20:36 +0200] "GET /nos-services/nettoyage-maison-appartement/ HTTP/1.1" 301 275 "-" "Mozilla/5.0 (Windows NT 6.1) AppleWebKit/537.36 (KHTML, like Gecko) Chrome/41.0.2228.0 Safari/537.36"
5.45.77.43 - - [11/Jul/2023:21:20:38 +0200] "GET /nos-services/nettoyage-immeubles/ HTTP/1.1" 301 266 "-" "Mozilla/5.0 (Windows NT 6.1) AppleWebKit/537.36 (KHTML, like Gecko) Chrome/41.0.2228.0 Safari/537.36"
5.45.77.43 - - [11/Jul/2023:21:20:40 +0200] "GET /nos-depannages/ HTTP/1.1" 301 248 "-" "Mozilla/5.0 (Windows NT 6.1) AppleWebKit/537.36 (KHTML, like Gecko) Chrome/41.0.2228.0 Safari/537.36"
5.45.77.43 - - [11/Jul/2023:21:20:41 +0200] "GET /nos-depannages/pompe-a-chaleur/ HTTP/1.1" 301 264 "-" "Mozilla/5.0 (Windows NT 6.1) AppleWebKit/537.36 (KHTML, like Gecko) Chrome/41.0.2228.0 Safari/537.36"
5.45.77.43 - - [11/Jul/2023:21:20:43 +0200] "GET /nos-depannages/vitrerie-miroiterie/ HTTP/1.1" 301 268 "-" "Mozilla/5.0 (Windows NT 6.1) AppleWebKit/537.36 (KHTML, like Gecko) Chrome/41.0.2228.0 Safari/537.36"
5.45.77.43 - - [11/Jul/2023:21:20:45 +0200] "GET /nos-depannages/electricite-electricien/ HTTP/1.1" 301 272 "-" "Mozilla/5.0 (Windows NT 6.1) AppleWebKit/537.36 (KHTML, like Gecko) Chrome/41.0.2228.0 Safari/537.36"
5.45.77.43 - - [11/Jul/2023:21:20:48 +0200] "GET /nos-depannages/serrurerie-metallerie/ HTTP/1.1" 301 270 "-" "Mozilla/5.0 (Windows NT 6.1) AppleWebKit/537.36 (KHTML, like Gecko) Chrome/41.0.2228.0 Safari/537.36"
5.45.77.43 - - [11/Jul/2023:21:20:50 +0200] "GET /nos-depannages/plomberie-plombier/ HTTP/1.1" 301 267 "-" "Mozilla/5.0 (Windows NT 6.1) AppleWebKit/537.36 (KHTML, like Gecko) Chrome/41.0.2228.0 Safari/537.36"
5.45.77.43 - - [11/Jul/2023:21:20:53 +0200] "GET /nos-depannages/intervention-apres-sinistre/ HTTP/1.1" 301 276 "-" "Mozilla/5.0 (Windows NT 6.1) AppleWebKit/537.36 (KHTML, like Gecko) Chrome/41.0.2228.0 Safari/537.36"
5.45.77.43 - - [11/Jul/2023:21:20:55 +0200] "GET /nos-depannages/video-surveillance/ HTTP/1.1" 301 267 "-" "Mozilla/5.0 (Windows NT 6.1) AppleWebKit/537.36 (KHTML, like Gecko) Chrome/41.0.2228.0 Safari/537.36"
5.45.77.43 - - [11/Jul/2023:21:20:56 +0200] "GET /nos-depannages/isolation-combles-maison/ HTTP/1.1" 301 273 "-" "Mozilla/5.0 (Windows NT 6.1) AppleWebKit/537.36 (KHTML, like Gecko) Chrome/41.0.2228.0 Safari/537.36"
5.45.77.43 - - [11/Jul/2023:21:20:59 +0200] "GET /nos-depannages/interphone-controle-acces/ HTTP/1.1" 301 274 "-" "Mozilla/5.0 (Windows NT 6.1) AppleWebKit/537.36 (KHTML, like Gecko) Chrome/41.0.2228.0 Safari/537.36"
5.45.77.43 - - [11/Jul/2023:21:21:00 +0200] "GET /nos-depannages/travaux-renovation-locaux/ HTTP/1.1" 301 274 "-" "Mozilla/5.0 (Windows NT 6.1) AppleWebKit/537.36 (KHTML, like Gecko) Chrome/41.0.2228.0 Safari/537.36"
5.45.77.43 - - [11/Jul/2023:21:21:03 +0200] "GET /nos-depannages/travaux-renovation-peinture/ HTTP/1.1" 301 276 "-" "Mozilla/5.0 (Windows NT 6.1) AppleWebKit/537.36 (KHTML, like Gecko) Chrome/41.0.2228.0 Safari/537.36"
5.45.77.43 - - [11/Jul/2023:21:21:05 +0200] "GET /nos-depannages/renovation-charpentes/ HTTP/1.1" 301 270 "-" "Mozilla/5.0 (Windows NT 6.1) AppleWebKit/537.36 (KHTML, like Gecko) Chrome/41.0.2228.0 Safari/537.36"
5.45.77.43 - - [11/Jul/2023:21:21:06 +0200] "GET /nos-traitements/ HTTP/1.1" 301 249 "-" "Mozilla/5.0 (Windows NT 6.1) AppleWebKit/537.36 (KHTML, like Gecko) Chrome/41.0.2228.0 Safari/537.36"
5.45.77.43 - - [11/Jul/2023:21:21:07 +0200] "GET /nos-traitements/deratisation/ HTTP/1.1" 301 262 "-" "Mozilla/5.0 (Windows NT 6.1) AppleWebKit/537.36 (KHTML, like Gecko) Chrome/41.0.2228.0 Safari/537.36"
5.45.77.43 - - [11/Jul/2023:21:21:11 +0200] "GET /nos-traitements/punaises-de-lit/ HTTP/1.1" 301 265 "-" "Mozilla/5.0 (Windows NT 6.1) AppleWebKit/537.36 (KHTML, like Gecko) Chrome/41.0.2228.0 Safari/537.36"
5.45.77.43 - - [11/Jul/2023:21:21:13 +0200] "GET /nos-traitements/desinsectisation/ HTTP/1.1" 301 266 "-" "Mozilla/5.0 (Windows NT 6.1) AppleWebKit/537.36 (KHTML, like Gecko) Chrome/41.0.2228.0 Safari/537.36"
5.45.77.43 - - [11/Jul/2023:21:21:15 +0200] "GET /nos-traitements/la-merule/ HTTP/1.1" 301 259 "-" "Mozilla/5.0 (Windows NT 6.1) AppleWebKit/537.36 (KHTML, like Gecko) Chrome/41.0.2228.0 Safari/537.36"
5.45.77.43 - - [11/Jul/2023:21:21:17 +0200] "GET /nos-traitements/desinfection-covid-coronavirus/ HTTP/1.1" 301 280 "-" "Mozilla/5.0 (Windows NT 6.1) AppleWebKit/537.36 (KHTML, like Gecko) Chrome/41.0.2228.0 Safari/537.36"
5.45.77.43 - - [11/Jul/2023:21:21:18 +0200] "GET /nos-traitements/insecticide-fongicide/ HTTP/1.1" 301 271 "-" "Mozilla/5.0 (Windows NT 6.1) AppleWebKit/537.36 (KHTML, like Gecko) Chrome/41.0.2228.0 Safari/537.36"
5.45.77.43 - - [11/Jul/2023:21:21:22 +0200] "GET /client/se-connecter/ HTTP/1.1" 301 253 "-" "Mozilla/5.0 (Windows NT 6.1) AppleWebKit/537.36 (KHTML, like Gecko) Chrome/41.0.2228.0 Safari/537.36"
5.45.77.43 - - [11/Jul/2023:21:21:23 +0200] "GET /artisan/ HTTP/1.1" 301 241 "-" "Mozilla/5.0 (Windows NT 6.1) AppleWebKit/537.36 (KHTML, like Gecko) Chrome/41.0.2228.0 Safari/537.36"
5.45.77.43 - - [11/Jul/2023:21:21:25 +0200] "GET /artisan/login/ HTTP/1.1" 301 247 "-" "Mozilla/5.0 (Windows NT 6.1) AppleWebKit/537.36 (KHTML, like Gecko) Chrome/41.0.2228.0 Safari/537.36"
5.45.77.43 - - [11/Jul/2023:21:21:26 +0200] "GET /demander-un-devis/ HTTP/1.1" 301 251 "-" "Mozilla/5.0 (Windows NT 6.1) AppleWebKit/537.36 (KHTML, like Gecko) Chrome/41.0.2228.0 Safari/537.36"
5.45.77.43 - - [11/Jul/2023:21:21:27 +0200] "GET /contactez-nous/ HTTP/1.1" 301 248 "-" "Mozilla/5.0 (Windows NT 6.1) AppleWebKit/537.36 (KHTML, like Gecko) Chrome/41.0.2228.0 Safari/537.36"
5.45.77.43 - - [11/Jul/2023:21:21:29 +0200] "GET /nos-services/societe-nettoyage/ HTTP/1.1" 301 264 "-" "Mozilla/5.0 (Windows NT 6.1) AppleWebKit/537.36 (KHTML, like Gecko) Chrome/41.0.2228.0 Safari/537.36"
5.45.77.43 - - [11/Jul/2023:21:21:30 +0200] "GET /nos-depannages/prestation-de-depannage/ HTTP/1.1" 301 272 "-" "Mozilla/5.0 (Windows NT 6.1) AppleWebKit/537.36 (KHTML, like Gecko) Chrome/41.0.2228.0 Safari/537.36"
5.45.77.43 - - [11/Jul/2023:21:21:34 +0200] "GET /nos-traitements/nuisible/ HTTP/1.1" 301 258 "-" "Mozilla/5.0 (Windows NT 6.1) AppleWebKit/537.36 (KHTML, like Gecko) Chrome/41.0.2228.0 Safari/537.36"
5.45.77.43 - - [11/Jul/2023:21:21:39 +0200] "GET /mentions-legales/ HTTP/1.1" 301 250 "-" "Mozilla/5.0 (Windows NT 6.1) AppleWebKit/537.36 (KHTML, like Gecko) Chrome/41.0.2228.0 Safari/537.36"
5.45.77.43 - - [11/Jul/2023:21:21:41 +0200] "GET /inscription-artisan/ HTTP/1.1" 301 253 "-" "Mozilla/5.0 (Windows NT 6.1) AppleWebKit/537.36 (KHTML, like Gecko) Chrome/41.0.2228.0 Safari/537.36"
5.45.77.43 - - [11/Jul/2023:21:21:43 +0200] "GET /votre-avis/ HTTP/1.1" 301 244 "-" "Mozilla/5.0 (Windows NT 6.1) AppleWebKit/537.36 (KHTML, like Gecko) Chrome/41.0.2228.0 Safari/537.36"
5.45.77.43 - - [11/Jul/2023:21:21:45 +0200] "GET /charte-qualite/ HTTP/1.1" 301 248 "-" "Mozilla/5.0 (Windows NT 6.1) AppleWebKit/537.36 (KHTML, like Gecko) Chrome/41.0.2228.0 Safari/537.36"
5.45.77.43 - - [11/Jul/2023:21:21:52 +0200] "GET /layerslider/ HTTP/1.1" 301 245 "-" "Mozilla/5.0 (Windows NT 6.1) AppleWebKit/537.36 (KHTML, like Gecko) Chrome/41.0.2228.0 Safari/537.36"
5.45.77.43 - - [11/Jul/2023:21:21:53 +0200] "GET /layerslider/js/ HTTP/1.1" 301 248 "-" "Mozilla/5.0 (Windows NT 6.1) AppleWebKit/537.36 (KHTML, like Gecko) Chrome/41.0.2228.0 Safari/537.36"
5.255.231.165 - - [11/Jul/2023:21:54:11 +0200] "GET /robots.txt HTTP/1.1" 301 243 "-" "Mozilla/5.0 (compatible; YandexBot/3.0; +http://yandex.com/bots)"
213.180.203.191 - - [11/Jul/2023:21:54:12 +0200] "GET / HTTP/1.1" 301 233 "-" "Mozilla/5.0 (compatible; YandexBot/3.0; +http://yandex.com/bots)"
213.180.203.173 - - [11/Jul/2023:21:54:20 +0200] "GET /robots.txt HTTP/1.1" 301 239 "-" "Mozilla/5.0 (compatible; YandexBot/3.0; +http://yandex.com/bots)"
5.255.231.174 - - [11/Jul/2023:21:54:21 +0200] "GET / HTTP/1.1" 301 229 "-" "Mozilla/5.0 (compatible; YandexBot/3.0; +http://yandex.com/bots)"
134.209.100.25 - - [11/Jul/2023:21:55:54 +0200] "GET / HTTP/1.1" 301 229 "-" "Mozilla/5.0 (Windows NT 10.0; Win64; x64) AppleWebKit/537.36 (KHTML, like Gecko) Chrome/95.0.4638.69 Safari/537.36"
95.108.213.102 - - [11/Jul/2023:21:56:19 +0200] "GET / HTTP/1.1" 301 233 "-" "Mozilla/5.0 (compatible; YandexBot/3.0; +http://yandex.com/bots)"
216.244.66.202 - - [11/Jul/2023:22:07:09 +0200] "GET /robots.txt HTTP/1.1" 301 243 "-" "Mozilla/5.0 (compatible; DotBot/1.2; +https://opensiteexplorer.org/dotbot; help@moz.com)"
199.244.88.219 - - [11/Jul/2023:22:40:05 +0200] "GET / HTTP/1.1" 301 229 "-" "Mozilla/5.0 (X11; Linux x86_64) AppleWebKit/537.36 (KHTML, like Gecko) Chrome/105.0.0.0 Safari/537.36"
194.187.171.157 - - [11/Jul/2023:22:56:51 +0200] "GET /favicon.ico HTTP/1.1" 301 244 "-" "Mozilla/5.0 (compatible; Qwantify/1.0; +https://www.qwant.com/)"
194.187.171.92 - - [11/Jul/2023:22:56:51 +0200] "GET /img/favicon.ico HTTP/1.1" 301 248 "-" "Mozilla/5.0 (compatible; Qwantify/1.0; +https://www.qwant.com/)"
216.244.66.202 - - [11/Jul/2023:23:00:32 +0200] "GET /robots.txt HTTP/1.1" 301 243 "-" "Mozilla/5.0 (compatible; DotBot/1.2; +https://opensiteexplorer.org/dotbot; help@moz.com)"
112.208.255.193 - - [11/Jul/2023:23:19:09 +0200] "GET /wp-login.php HTTP/1.1" 301 245 "-" "Mozilla/5.0 (Windows NT 10.0; WOW64; Trident/7.0; rv:11.0) like Gecko"
112.208.255.193 - - [11/Jul/2023:23:19:10 +0200] "GET /xmlrpc.php HTTP/1.1" 301 243 "-" "Mozilla/5.0 (Windows NT 10.0; WOW64; Trident/7.0; rv:11.0) like Gecko"
200.187.103.1 - - [11/Jul/2023:23:22:53 +0200] "GET /wp-login.php HTTP/1.1" 301 245 "-" "Mozilla/5.0 (Windows NT 10.0; WOW64; Trident/7.0; rv:11.0) like Gecko"
200.187.103.1 - - [11/Jul/2023:23:22:55 +0200] "GET /xmlrpc.php HTTP/1.1" 301 243 "-" "Mozilla/5.0 (Windows NT 10.0; WOW64; Trident/7.0; rv:11.0) like Gecko"
206.189.38.81 - - [11/Jul/2023:23:41:36 +0200] "GET /wp-login.php HTTP/1.1" 301 241 "-" "Mozilla/5.0"
216.244.66.202 - - [11/Jul/2023:23:54:58 +0200] "GET /robots.txt HTTP/1.1" 301 243 "-" "Mozilla/5.0 (compatible; DotBot/1.2; +https://opensiteexplorer.org/dotbot; help@moz.com)"
85.208.98.18 - - [11/Jul/2023:23:59:10 +0200] "GET /robots.txt HTTP/1.1" 301 239 "-" "Mozilla/5.0 (compatible; SemrushBot; +http://www.semrush.com/bot.html)"
5.255.231.162 - - [12/Jul/2023:00:24:27 +0200] "GET /robots.txt HTTP/1.1" 301 243 "-" "Mozilla/5.0 (compatible; YandexBot/3.0; +http://yandex.com/bots)"
5.255.231.26 - - [12/Jul/2023:00:24:28 +0200] "GET / HTTP/1.1" 301 233 "-" "Mozilla/5.0 (compatible; YandexBot/3.0; +http://yandex.com/bots)"
213.180.203.131 - - [12/Jul/2023:00:26:33 +0200] "GET / HTTP/1.1" 301 233 "-" "Mozilla/5.0 (compatible; YandexBot/3.0; +http://yandex.com/bots)"
216.244.66.202 - - [12/Jul/2023:00:48:43 +0200] "GET /robots.txt HTTP/1.1" 301 243 "-" "Mozilla/5.0 (compatible; DotBot/1.2; +https://opensiteexplorer.org/dotbot; help@moz.com)"
136.169.243.170 - - [12/Jul/2023:01:19:59 +0200] "GET / HTTP/1.0" 301 229 "http://cleanolia.fr/" "Mozilla/5.0 (Windows NT 6.3; Win64; x64) AppleWebKit/537.36 (KHTML, like Gecko) Chrome/103.0.0.0 Safari/537.36"
216.244.66.202 - - [12/Jul/2023:01:43:13 +0200] "GET /robots.txt HTTP/1.1" 301 243 "-" "Mozilla/5.0 (compatible; DotBot/1.2; +https://opensiteexplorer.org/dotbot; help@moz.com)"
176.31.115.13 - - [12/Jul/2023:02:14:34 +0200] "GET / HTTP/1.0" 301 229 "http://cleanolia.fr/" "Mozilla/5.0 (Windows NT 6.1; Win64; x64) AppleWebKit/537.36 (KHTML, like Gecko) Chrome/103.0.0.0 Safari/537.36"
103.240.243.233 - - [12/Jul/2023:02:31:48 +0200] "GET /wp-login.php HTTP/1.1" 301 245 "-" "Mozilla/5.0 (Windows NT 10.0; WOW64; Trident/7.0; rv:11.0) like Gecko"
103.240.243.233 - - [12/Jul/2023:02:31:48 +0200] "GET /xmlrpc.php HTTP/1.1" 301 243 "-" "Mozilla/5.0 (Windows NT 10.0; WOW64; Trident/7.0; rv:11.0) like Gecko"
216.244.66.202 - - [12/Jul/2023:02:36:15 +0200] "GET /robots.txt HTTP/1.1" 301 243 "-" "Mozilla/5.0 (compatible; DotBot/1.2; +https://opensiteexplorer.org/dotbot; help@moz.com)"
95.108.213.107 - - [12/Jul/2023:03:07:34 +0200] "GET /robots.txt HTTP/1.1" 301 243 "-" "Mozilla/5.0 (compatible; YandexBot/3.0; +http://yandex.com/bots)"
95.108.213.184 - - [12/Jul/2023:03:07:34 +0200] "GET / HTTP/1.1" 301 233 "-" "Mozilla/5.0 (compatible; YandexBot/3.0; +http://yandex.com/bots)"
5.45.207.171 - - [12/Jul/2023:03:15:46 +0200] "GET / HTTP/1.1" 301 233 "-" "Mozilla/5.0 (compatible; YandexBot/3.0; +http://yandex.com/bots)"
5.45.207.80 - - [12/Jul/2023:03:17:59 +0200] "GET / HTTP/1.1" 301 233 "-" "Mozilla/5.0 (compatible; YandexBot/3.0; +http://yandex.com/bots)"
216.244.66.202 - - [12/Jul/2023:03:30:21 +0200] "GET /robots.txt HTTP/1.1" 301 243 "-" "Mozilla/5.0 (compatible; DotBot/1.2; +https://opensiteexplorer.org/dotbot; help@moz.com)"
54.36.148.107 - - [12/Jul/2023:03:50:29 +0200] "GET /robots.txt HTTP/1.1" 301 243 "-" "Mozilla/5.0 (compatible; AhrefsBot/7.0; +http://ahrefs.com/robot/)"
216.244.66.202 - - [12/Jul/2023:04:24:24 +0200] "GET /robots.txt HTTP/1.1" 301 243 "-" "Mozilla/5.0 (compatible; DotBot/1.2; +https://opensiteexplorer.org/dotbot; help@moz.com)"
105.112.139.138 - - [12/Jul/2023:04:32:29 +0200] "GET /wp-login.php HTTP/1.1" 301 245 "-" "Mozilla/5.0 (Windows NT 10.0; WOW64; Trident/7.0; rv:11.0) like Gecko"
